[    0.000000] Initializing cgroup subsys cpuset
[    0.000000] Initializing cgroup subsys cpu
[    0.000000] Initializing cgroup subsys cpuacct
[    0.000000] Linux version 4.4.0-154-generic (buildd@lgw01-amd64-049) (gcc version 5.4.0 20160609 (Ubuntu 5.4.0-6ubuntu1~16.04.10) ) #181-Ubuntu SMP Tue Jun 25 05:29:03 UTC 2019 (Ubuntu 4.4.0-154.181-generic 4.4.179)
[    0.000000] Command line: BOOT_IMAGE=/boot/vmlinuz-4.4.0-154-generic root=LABEL=cloudimg-rootfs ro console=tty1 console=ttyS0
[    0.000000] KERNEL supported cpus:
[    0.000000]   Intel GenuineIntel
[    0.000000]   AD AuthenicAMD
[    0.000000]   Centaur CentaurHauls
[    0.000000] x86/fpu: Legacy x87 FPU detected.
[    0.000000] e820: BIOS-provided physical RAM map:
[    0.000000] BIOS-e820: [mem 0x0000000000000000-0x000000000009fbff] usable
[    0.000000] BIOS-e820: [mem 0x000000000009fc00-0x000000000009ffff] reserved
[    0.000000] BIOS-e820: [mem 0x00000000000f0000-0x00000000000fffff] reserved
[    0.000000] BIOS-e820: [mem 0x0000000000100000-0x000000003ffeffff] usable
[    0.000000] BIOS-e820: [mem 0x000000003fff0000-0x000000003fffffff] ACPI data
[    0.000000] BIOS-e820: [mem 0x00000000fec00000-0x00000000fec00fff] reserved
[    0.000000] BIOS-e820: [mem 0x00000000fee00000-0x00000000fee00fff] reserved
[    0.000000] BIOS-e820: [mem 0x00000000fffc0000-0x00000000ffffffff] reserved
[    0.000000] NX (Execute Disable) protection: active
[    0.000000] SMBIOS 2.5 present.
[    0.000000] Hypervisor detected: KVM
[    0.000000] e820: last_pfn = 0x3fff0 max_arch_pfn = 0x400000000
[    0.000000] MTRR: Disabled
[    0.000000] x86/PAT: MTRRs disabled, skipping PAT initialization too.
[    0.000000] CPU MTRRs all blank - virtualized system.
[    0.000000] x86/PAT: Configuration [0-7]: WB  WT  UC- UC  WB  WT  UC- UC  
[    0.000000] found SMP MP-table at [mem 0x0009fff0-0x0009ffff] mapped at [ffff88000009fff0]
[    0.000000] Scanning 1 areas for low memory corruption
[    0.000000] RAMDISK: [mem 0x362fa000-0x37174fff]
[    0.000000] ACPI: Early table checksum verification disabled
[    0.000000] ACPI: RSDP 0x00000000000E0000 000024 (v02 VBOX  )
[    0.000000] ACPI: XSDT 0x000000003FFF0030 00003C (v01 VBOX   VBOXXSDT 00000001 ASL  00000061)
[    0.000000] ACPI: FACP 0x000000003FFF00F0 0000F4 (v04 VBOX   VBOXFACP 00000001 ASL  00000061)
[    0.000000] ACPI: DSDT 0x000000003FFF0470 0021FF (v02 VBOX   VBOXBIOS 00000002 INTL 20180105)
[    0.000000] ACPI: FACS 0x000000003FFF0200 000040
[    0.000000] ACPI: FACS 0x000000003FFF0200 000040
[    0.000000] ACPI: APIC 0x000000003FFF0240 00005C (v02 VBOX   VBOXAPIC 00000001 ASL  00000061)
[    0.000000] ACPI: SSDT 0x000000003FFF02A0 0001CC (v01 VBOX   VBOXCPUT 00000002 INTL 20180105)
[    0.000000] No NUMA configuration found
[    0.000000] Faking a node at [mem 0x0000000000000000-0x000000003ffeffff]
[    0.000000] NODE_DATA(0) allocated [mem 0x3ffeb000-0x3ffeffff]
[    0.000000] kvm-clock: Using msrs 4b564d01 and 4b564d00
[    0.000000] kvm-clock: cpu 0, msr 0:3ffe3001, primary cpu clock
[    0.000000] kvm-clock: using sched offset of 4942359274 cycles
[    0.000000] clocksource: kvm-clock: mask: 0xffffffffffffffff max_cycles: 0x1cd42e4dffb, max_idle_ns: 881590591483 ns
[    0.000000] Zone ranges:
[    0.000000]   DMA      [mem 0x0000000000001000-0x0000000000ffffff]
[    0.000000]   DMA32    [mem 0x0000000001000000-0x000000003ffeffff]
[    0.000000]   Normal   empty
[    0.000000]   Device   empty
[    0.000000] Movable zone start for each node
[    0.000000] Early memory node ranges
[    0.000000]   node   0: [mem 0x0000000000001000-0x000000000009efff]
[    0.000000]   node   0: [mem 0x0000000000100000-0x000000003ffeffff]
[    0.000000] Initmem setup node 0 [mem 0x0000000000001000-0x000000003ffeffff]
[    0.000000] ACPI: PM-Timer IO Port: 0x4008
[    0.000000] IOAPIC[0]: apic_id 2, version 32, address 0xfec00000, GSI 0-23
[    0.000000] ACPI: INT_SRC_OVR (bus 0 bus_irq 0 global_irq 2 dfl dfl)
[    0.000000] ACPI: INT_SRC_OVR (bus 0 bus_irq 9 global_irq 9 low level)
[    0.000000] Using ACPI (MADT) for SMP configuration information
[    0.000000] smpboot: Allowing 2 CPUs, 0 hotplug CPUs
[    0.000000] PM: Registered nosae memory: [mem 0x00000000-0x00000fff]
[    0.000000] PM: Registered nosave memory: [mem 0x0009f000-0x0009ffff]
[    0.000000] PM: Registered nosave memory: [mem 0x000a0000-0x000effff]
[    0.000000] PM: Registered nosave memory: [mem 0x000f0000-0x000fffff]
[    0.000000] e820: [mem 0x40000000-0xfebfffff] available for PCI devices
[    0.000000] Booting paravirtualized kernel on KVM
[    0.000000] clocksource: refined-jiffies: mask: 0xffffffff max_cycles: 0xffffffff, max_idle_ns: 7645519600211568 ns
[    0.000000] setup_percpu: NR_CPUS:512 nr_cpumask_bits:512 nr_cpu_ids:2 nr_node_ids:1
[    0.000000] PERCPU: Embedded 34 pages/cpu @ffff88003fc00000 s99480 r8192 d31592 u1048576
[    0.000000] Built 1 zonelists in Node order, mobility grouping on.  Total pages: 257912
[    0.000000] Policy zone: DMA32
[    0.000000] Kernel command line: BOOT_IMAGE=/boot/vmlinuz-4.4.0-154-generic root=LABEL=cloudimg-rootfs ro console=tty1 console=ttyS0
[    0.000000] PID hash table entries: 4096 (order: 3, 32768 bytes)
[    0.000000] Memory: 997732K/1048120K available (8613K kernel code, 1335K rwdata, 4028K rodata, 1484K init, 1284K bss, 50388K reserved, 0K cma-reserd)
[    0.00000] SLUB: HWalign=64, Order=0-3, MinObjects=0, CPUs=2, Nodes=1
[    0.000000] Kernel/User page tables isolation: enabled
[    0.000000] Hierarchical RCU implementation.
[    0.000000] 	Build-time adjustment of leaf fanout to 64.
[    0.000000] 	RCU restricting CPUs from NR_CPUS=512 to nr_cpu_ids=2.
[    0.000000] RCU: Adjusting geometry for rcu_fanout_leaf=64, nr_cpu_ids=2
[    0.000000] NR_IRQS:33024 nr_irqs:440 16
[    0.000000] Console: colour VGA+ 80x25
[    0.000000] console [tty1] enabled
[    0.000000] console [ttyS0] enabled
[    0.000000] tsc: Detected 2992.498 MHz processor
[    1.796022] Calibrating delay loop (skipped) preset value.. 5984.99 BogoMIPS (lpj=11969992)
[    1.798895] pid_max: default: 32768 minimum: 301
[    1.800411] ACPI: Core revision 20150930
[    1.803068] ACPI: 2 ACPI AML tables successfully acquired and loaded
[    1.805197] Security Framework initialized
[    1.806617] Yama: becoming mindful.
[    1.807969] AppArmor: AppArmor initialized
[    1.809540] Dentry cache hash table entries: 131072 (order: 8, 1048576 bytes)
[    1.812146] Inode-cache hash table entries: 65536 (order: 7, 524288 bytes)
[    1.814420] Mount-cache hash table entries: 2048 (order: 2, 16384 bytes)

[    1.816446] Mountpoint-cache hash table entries: 2048 (order: 2, 16384 bytes)
[    1.819320] Initializing cgroup subsys io
[    1.820721] Initializing cgroup subsys memory
[    1.822209] Initializing cgroup subsys devices
[    1.868303] Initializing cgroup subsys freezer
[    1.969870] Initializing cgroup subsys net_cls
[    1.971362] Initializing cgroup subsys perf_event
[    1.972897] Initializing cgroup subsys net_prio
[    2.049882] Initializing cgroup subsys hugetlb
[    2.153869] Initializing cgroup subsys pids
[    2.155413] mce: CPU supports 0 MCE banks
[    2.205890] Last level iTLB entries: 4KB 128, 2MB 4, 4MB 4
[    2.333933] Last level dTLB entries: 4KB 256, 2MB 0, 4MB 32, 1GB 0
[    2.335814] Spectre V2 : Mitigation: Full generic retpoline
[    2.337545] Spectre V2 : Spectre v2 / SpectreRSB mitigation: Filling RSB on context switch
[    2.395145] Speculative Store Bypass: Vulnerable
[    2.417492] MDS: Vulnerable: Clear CPU buffers attempted, no microcode
[    2.569590] Freeing SMP alternatives memory: 36K
[    2.578905] ftrace: allocating 32299 entries in 127 pages
[    2.649590] smpboot: APIC(0) Converting physical 0 to logical package 0
[    2.774402] smpboot: Max logical packages: 1
[    2.789284] x2apic enabled
[    2.807372] Switched APIC routing to physical x2apic.
[    2.811464] ..TIMER: vector=0x30 apic1=0 pin1=2 apic2=-1 pin2=-1
[    3.013345] smpboot: CPU0: Intel(R) Core(TM)2 Duo CPU     E8400  @ 3.00GHz (family: 0x6, model: 0x17, stepping: 0xa)
[    3.016896] Performance Events: unsupported p6 CPU model 23 no PMU driver, software events only.
[    3.126485] KVM setup paravirtual spinlock
[    3.129527] x86: Booting SMP configuration:
[    3.130957] .... node  #0, CPUs:      #1
[    3.132322] kvm-clock: cpu 1, msr 0:3ffe3041, secondary cpu clock
[    3.143994] mce: CPU supports 0 MCE banks
[    3.147156] x86: Booted up 1 node, 2 CPUs
[    3.149003] smpboot: Total of 2 processors activated (11969.99 BogoMIPS)
[    3.151585] devtmpfs: initialized
[    3.155636] evm: security.selinux
[    3.156879] evm: security.SMACK64
[    3.158137] evm: security.SMACK64EXEC
[    3.159450] evm: security.SMACK64TRANSMUTE
[    3.160851] evm: security.SMACK64MMAP
[    3.162178] evm: security.ima
[    3.163349] evm: security.capability
[    3.164828] clocksource: jiffies: mask: 0xffffffff max_cycles: 0xffffffff, max_idle_ns: 7645041785100000 ns
[    3.169082] futex hash table entries: 512 (order: 3, 32768 bytes)
[    3.171091] pinctrl core: initialized pinctrl subsystem
[    3.172924] RTC time: 15:45:01, date: 08/23/19
[    3.174827] NET: Registered protocol family 16
[    3.185007] cpuidle: using governor ladder
[    3.197088] cpuidle: using governor menu
[    3.198550] PCCT header not found.
[    3.199847] ACPI: bus type PCI registered
[    3.201252] acpiphp: ACPI Hot Plug PCI Controller Driver version: 0.5
[    3.210261] PCI: Using configuration type 1 for base access
[    3.297727] ACPI: Added _OSI(Module Device)
[    3.299181] ACPI: Added _OSI(Processor Device)
[    3.300665] ACPI: Added _OSI(3.0 _SCP Extensions)
[    3.302237] ACPI: Added _OSI(Processor Aggregator Device)
[    3.304751] ACPI: Executed 1 blocks of module-level executable AML code
[    3.310439] ACPI: Interpreter enabled
[    3.311759] ACPI: (supports S0 S5)
[    3.313027] ACPI: Using IOAPIC for interrupt routing
[    3.314815] PCI: Using host bridge windows from ACPI; if necessary, use "pci=nocrs" and report a bug
[    3.355313] ACPI: PCI Root Bridge [PCI0] (domain 0000 [bus 00-ff])
[    3.395065] acpi PNP0A03:00: _OSC: OS supports [ASPM ClockPM Segments MSI]
[    3.486556] acpi PNP0A03:00: _OSC: not requesting OS control; OS requires [ExtendedConfig ASPM ClockPM MSI]
[    3.590776] acpi PNP0A03:00: fail to add MMCONFIG information, can't access extended PCI configuration space under this bridge.
[    3.662167] PCI host bridge to bus 0000:00
[    3.663591] pci_bus 0000:00: root bus resource [io  0x0000-0x0cf7 window]
[    3.665574] pci_bus 0000:00: root bus resource [io  0x0d00-0xffff window]
[    3.687668] pci_bus 0000:00: root bus resource [mem 0x000a0000-0x000bffff window]
[    3.690268] pci_bus 0000:00: root bus resource [mem 0x40000000-0xfdffffff window]
[    3.692842] pci_bus 0000:00: root bus resource [bus 00-ff]
[    3.696678] pci 0000:00:01.1: legacy IDE quirk: reg 0x10: [io  0x01f0-0x01f7]
[    3.698763] pci 0000:00:01.1: legacy IDE quirk: reg 0x14: [io  0x03f6]
[    3.700695] pci 0000:00:01.1: legacy IDE quirk: reg 0x18: [io  0x0170-0x0177]
[    3.754029] pci 0000:00:01.1: legacy IDE quirk: reg 0x1c: [io  0x0376]
[    3.855835] pci 0000:00:07.0: quirk: [io  0x4000-0x403f] claimed by PIIX4 ACPI
[    3.860017] pci 0000:00:07.0: quirk: [io  0x4100-0x410f] claimed by PIIX4 SMB
[    3.870574] ACPI: PCI Interrupt Link [LNKA] (IRQs 5 9 10 *11)
[    3.875452] ACPI: PCI Interrupt Link [LNKB] (IRQs 5 9 *10 11)
[    3.877882] ACPI: PCI Interrupt Link [LNKC] (IRQs 5 *9 10 11)
[    3.880303] ACPI: PCI Interrupt Link [LNKD] (IRQs 5 9 10 *11)
[    3.882825] ACPI: Enabled 2 GPEs in block 00 to 07
[    3.907936] vgaarb: setting as boot device: PCI:0000:00:02.0
[    3.968805] vgaarb: device added: PCI:0000:00:02.0,decodes=io+mem,owns=io+mem,locks=none
[    3.999297] vgaarb: loaded
[    4.005579] vgaarb: bridge control possible 0000:00:02.0
[    4.009027] SCSI subsystem initialized
[    4.023756] ACPI: bus type USB registered
[    4.047844] usbcore: registered new interface driver usbfs
[    4.078852] usbcore: registered new interface driver hub
[    4.107566] usbcore: registered new device driver usb
[    4.109672] PCI: Using ACPI for IRQ routing
[    4.129096] NetLabel: Initializing
[    4.166964] NetLabel:  domain hash size = 128
[    4.168424] NetLabel:  protocols = UNLABELED CIPSOv4
[    4.170081] NetLabel:  unlabeled traffic allowed by default
[    4.243474] amd_nb: Cannot enumerate AMD northbridges
[    4.245242] clocksource: Switched to clocksource kvm-clock
[    4.273178] AppArmor: AppArmor Filesystem Enabled
[    4.456716] pnp: PnP ACPI init
[    4.577505] pnp: PnP ACPI: found 3 devices
[    4.590585] clocksource: acpi_pm: mask: 0xffffff max_cycles: 0xffffff, max_idle_ns: 2085701024 ns
[    4.593580] NET: Registered protocol family 2
[    4.595697] TCP established hash table entries: 8192 (order: 4, 65536 bytes)
[    4.597947] TCP bind hash table entries: 8192 (order: 5, 131072 bytes)
[    4.600030] TCP: Hash tables configured (established 8192 bind 8192)
[    4.602103] UDP hash table entries: 512 (order: 2, 16384 bytes)
[    4.604035] UDP-Lite hash table entries: 512 (order: 2, 16384 bytes)
[    4.606114] NET: Registered protocol family 1
[    4.607717] pci 0000:00:00.0: Limiting direct PCI/PCI transfers
[    4.609627] pci 0000:00:01.0: Activating ISA DMA hang workarounds
[    4.611833] Unpacking initramfs...
[  4.868089] Freeing initrd memory: 14828K
[    4.928135] clocksource: tsc: mask: 0xffffffffffffffff max_cycles: 0x2b2296bc2b9, max_idle_ns: 440795321505 ns
[    4.931307] platform rtc_cmos: registered platform RTC device (no PNP device found)
[    4.934017]Scanning for low memory corruption every 60 seconds

[    4.966025] audit: initializing netlink subsys (disabled)
[    4.967750] audit: type=2000 audit(1566575105.756:1): initialized
[    4.969996] Initialise system trusted keyring
[    4.971664] HugeTLB registered 2 MB page size, pre-allocated 0 pages
[    4.975607] zbud: loaded
[    4.977105] VFS: Disk quotas dquot_6.6.0
[    5.017975] VFS: Dquot-cache hash table entries: 512 (order 0, 4096 bytes)
[    5.020353] squashfs: version 4.0 (2009/01/31) Phillip Lougher
[    5.022644] fuse init (API version 7.23)
[    5.024286] Key type big_key registered
[    5.025665] Allocating IMA MOK and blacklist keyrings.
[    5.028714] Key type asymmetric registered
[    5.076608] Asymmetric key parser 'x509' registered
[    5.091372] Block layer SCSI generic (bsg) driver version 0.4 loaded (major 249)
[    5.094102] io scheduler noop registered
[    5.120457] io scheduler deadline registered (default)
[    5.131593] io scheduler cfq registered
[    5.137213] pci_hotplug: PCI Hot Plug PCI Core version: 0.5
[    5.243120] pciehp: PCI Express Hot Plug Controller Driver version: 0.4
[    5.303876] ACPI: AC Adapter [AC] (on-line)
[    5.305503] input: Power Button as /devices/LNXSYSTM:00/LNXPWRBN:00/input/input0
[    5.374208] ACPI: Power Button [PWRF]
[    5.382426] input: Sleep Button as /devices/LNXSYSTM:00/LNXSLPBN:00/input/input1
[    5.464324] ACPI: Sleep Button [SLPF]
[    5.466025] GHES: HEST is not enabled!
[    5.606277] Serial: 8250/16550 driver, 32 ports, IRQ sharing enabled
[    5.631074] 00:02: ttyS0 at I/O 0x3f8 (irq = 4, base_baud = 115200) is a 16550A
[    5.637531] Linux agpgart interface v0.103
[    5.641879] loop: module loaded
[    5.644042] scsi host0: ata_piix
[    5.645476] scsi host1: ata_piix
[    5.646773] ata1: PATA max UDMA/33 cmd 0x1f0 ctl 0x3f6 bmdma 0xd000 irq 14
[    5.648777] ata2: PATA max UDMA/33 cmd 0x170 ctl 0x376 bmdma 0xd008 irq 15
[    5.652605] libphy: Fixed MDIO Bus: probed
[    5.654064] tun: Universal TUN/TAP device driver, 1.6
[    5.655677] tun: (C) 1999-2004 Max Krasnyansky <maxk@qualcomm.com>
[    5.657657] PPP generic driver version 2.4.2
[    5.659270] ehci_hcd: USB 2.0 'Enhanced' Host Controller (EHCI) Driver
[    5.661218] ehci-pci: EHCI PCI platform driver
[    5.739325] ehci-platform: EHCI generic platform driver
[    5.763985] ohci_hcd: USB 1.1 'Open' Host Controller (OHCI) Driver
[    5.765940] ohci-pci: OHCI PCI platform driver
[    5.767479] ohci-platform: OHCI generic platform driver
[    5.843667] uhci_hcd: USB Universal Host Controller Interface driver
[    5.845758] i8042: PNP: PS/2 Controller [PNP0303:PS2K,PNP0f03:PS2M] at 0x60,0x64 irq 1,12
[    5.859185] serio: i8042 KBD port at 0x60,0x64 irq 1
[    5.860822] serio: i8042 AUX port at 0x60,0x64 irq 12
[    5.862805] mousedev: PS/2 mouse device common for all mice
[    5.865174] input: AT Translated Set 2 keyboard as /devices/platform/i8042/serio0/input/input2
[    5.944760] rtc_cmos rtc_cmos: rtc core: registered rtc_cmos as rtc0
[    5.960096] rtc_cmos rtc_cmos: alarms up to one day, 114 bytes nvram
[    5.961998] i2c /dev entries driver
[    5.963421] device-mapper: uevent: version 1.0.3
[    5.965036] device-mapper: ioctl: 4.34.0-ioctl (2015-10-28) initialised: dm-devel@redhat.com
[    5.967923] ledtrig-cpu: registered to indicate activity on CPUs
[    5.970430] NET: Registered protocol family 10
[    5.972346] NET: Registered protocol family 17
[    5.973858] Key type dns_resolver registered
[    6.067408] registered taskstats version 1
[    6.087044] Loading compiled-in X.509 certificates
[    6.117839] Loaded X.509 cert 'Build time autogenerated kernel key: 65139e04a67245b562a838c28b5e7032abdd4348'
[    6.121563] zswap: loaded using pool lzo/zbud
[    6.135945] Key type trusted registered
[    6.162598] Key type encrypted registered
[    6.164068] AppArmor: AppArmor sha1 policy hashing enabled
[    6.165911] ima: No TPM chip found, activating TPM-bypass!
[    6.167711] ima: Allocated hash algorithm: sha1
[    6.169313] evm: HMAC attrs: 0x1
[    6.177478]   Magic number: 15:567:791
[    6.179039] rtc_cmos rtc_cmos: setting system clock to 2019-08-23 15:45:04 UTC (1566575104)
[    6.182185] BIOS EDD facility v0.16 2004-Jun-25, 0 devices found
[    6.184108] EDD information not available.
[    6.191203] Freeing unused kernel memory: 1484K
[    6.209295] Write protecting the kernel read-only data: 14336k
[    6.225117] Freeing unused kernel memory: 1616K
[    6.237094] Freeing unused kernel memory: 68K
Loading, please wait...
starting version 229
[    6.380830] random: systemd-udevd: uninitialized urandom read (16 bytes read, 2 bits of entropy available)
[    6.390307] random: udevadm: uninitialized urandom read (16 bytes read, 2 bits of entropy available)
[    6.390423] random: udevadm: uninitialized urandom read (16 bytes read, 2 bits of entropy available)
[    6.468877] random: systemd-udevd: uninitialized urandom read (16 bytes read, 2 bits of entropy available)
[    6.499746] random: systemd-udevd: uninitialized urandom read (16 bytes read, 2 bits of entropy available)
[    6.514290] random: udevadm: uninitialized urandom read (16 bytes read, 2 bits of entropy available)
[    6.514793] random: udevadm: uninitialized urandom read (16 bytes read, 2 bits of entropy available)
[    6.520224] random: udevadm: uninitialized urandom read (16 bytes read, 2 bits of entropy available)
[    6.521063] random: udevadm: uninitialized urandom read (16 bytes read, 2 bits of entropy available)
[    6.521444] random: udevadm: uninitialized urandom read (16 bytes read, 2 bits of entropy available)
[    6.897607] e1000: Intel(R) PRO/1000 Network Driver - version 7.3.21-k8-NAPI
[    6.901176] e1000: Copyright (c) 1999-2006 Intel Corporation.
[    6.902144] Fusion MPT base driver 3.04.20
[    6.902145] Copyright (c) 1999-2008 LSI Corporation
[    6.946035] Fusion MPT SPI Host driver 3.04.20
[    7.137935] input: ImExPS/2 Generic Explorer Mouse as /devices/platform/i8042/serio1/input/input4
[    7.498046] e1000 0000:00:03.0 eth0: (PCI:33MHz:32-bit) 02:1e:e5:6d:71:21
[    7.527802] e1000 0000:00:03.0 eth0: Intel(R) PRO/1000 Network Connection
[    7.532314] mptbase: ioc0: Initiating bringup
[    7.537007] e1000 0000:00:03.0 enp0s3: renamed from eth0
[    7.597762] ioc0: LSI53C1030 A0: Capabilities={Initiator}
[    7.759272] scsi host2: ioc0: LSI53C1030 A0, FwRev=00000000h, Ports=1, MaxQ=256, IRQ=20
[    7.878577] scsi 2:0:0:0: Direct-Access     VBOX     HARDDISK         1.0  PQ: 0 ANSI: 5
[    7.883136] scsi target2:0:0: Beginning Domain Validation
[    7.885796] scsi target2:0:0: Domain Validation skipping write tests
[    7.887693] scsi target2:0:0: Ending Domain Validation
[    7.889386] scsi target2:0:0: asynchronous
[    7.891236] scsi 2:0:1:0: Direct-Access     VBOX     HARDDISK         1.0  PQ: 0 ANSI: 5
[    7.898150] scsi target2:0:1: Beginning Domain Validation
[    7.900879] scsi target2:0:1: Domain Validation skipping write tests
[    7.902782] scsi target2:0:1: Ending Domain Validation
[    7.904484] scsi target2:0:1: asynchronous
[    7.911954] sd 2:0:0:0: [sda] 20971520 512-byte logical blocks: (10.7 GB/10.0 GiB)
[    7.915319] sd 2:0:0:0: Attached scsi generic sg0 type 0
[    7.917375] sd 2:0:0:0: [sda] Write Protect is off
[    7.919146] sd 2:0:1:0: [sdb] 20480 512-byte logical blocks: (10.5 MB/10.0 MiB)
[    7.919336] sd 2:0:1:0: [sdb] Write Protect is off
[    7.919468] sd 2:0:1:0: [sdb] Incomplete mode parameter data
[    7.919469] sd 2:0:1:0: [sdb] Assuming drive cache: write through
[    7.923145] sd 2:0:1:0: Attached scsi generic sg1 type 0
[    7.949363] sd 2:0:0:0: [sda] Incomplete mode parameter data
[    7.953096] sd 2:0:1:0: [sdb] Attached SCSI disk
[    7.976530] sd 2:0:0:0: [sda] Assuming drive cache: write through
[    7.985289]  sda: sda1
[    7.987263] sd 2:0:0:0: [sda] Attached SCSI disk
Begin: Loading essential drivers ... [   10.380743] md: linear personality registered for level -1
[   10.409082] md: multipath personality registered for level -4
[   10.435716] md: raid0 personality registered for level 0
[   10.466063] md: raid1 personality registered for level 1
[   10.575858] raid6: sse2x1   gen()  5332 MB/s
[   10.655787] raid6: sse2x1   xor()  5155 MB/s
[   10.735747] raid6: sse2x2   gen()  5846 MB/s
[   10.815746] raid6: sse2x2   xor()  6506 MB/s
[   10.893916] raid6: sse2x4   gen()  5273 MB/s
[   10.961381] raid6: sse2x4   xor()  3911 MB/s
[   10.963788] raid6: using algorithm sse2x2 gen() 5846 MB/s
[   10.967318] raid6: .... xor() 6506 MB/s, rmw enabled
[   10.970134] raid6: using ssse3x2 recovery algorithm
[   10.993466] xor: measuring software checksum speed
[   11.049345]    prefetch64-sse: 32114.000 MB/sec
[   11.096031]    generic_sse: 26436.000 MB/sec
[   11.099617] xor: using function: prefetch64-sse (32114.000 MB/sec)
[   11.109257] async_tx: api initialized (async)
[   11.157550] md: raid6 personality registered for level 6
[   11.195344] md: raid5 personality registered for level 5
[   11.199084] md: raid4 personality registered for level 4
[   11.250612] md: raid10 personality registered for level 10
done.
Begin: Running /scripts/init-premount ... done.
Begin: Mounting root file system ... Begin: Running /scripts/local-top ... done.
Begin: Running /scripts/local-premount ... [   11.398615] Btrfs loaded
Scanning for Btrfs filesystems
done.
Warning: fsck not present, so skipping root file system
[   11.619988] EXT4-fs (sda1): mounted filesystem with ordered data mode. Opts: (null)
done.
Begin: Running /scripts/local-bottom ... done.
Begin: Running /scripts/init-bottom ... done.
[   12.379531] systemd[1]: systemd 229 running in system mode. (+PAM +AUDIT +SELINUX +IMA +APPARMOR +SMACK +SYSVINIT +UTMP +LIBCRYPTSETUP +GCRYPT +GNUTLS +ACL +XZ -LZ4 +SECCOMP +BLKID +ELFUTILS +KMOD -IDN)
[   12.391937] systemd[1]: Detected virtualization oracle.
[   12.393620] systemd[1]: Detected architecture x86-64.

Welcome to [1mUbuntu 16.04.6 LTS[0m!

[   12.440757] systemd[1]: Set hostname to <ubuntu>.
[   12.460424] systemd[1]: Initializing machine ID from random generator.
[   12.462551] systemd[1]: Installed transient /etc/machine-id file.
[   12.834377] random: nonblocking pool is initialized
[   13.552260] systemd[1]: Set up automount Arbitrary Executable File Formats File System Automount Point.
[[0;32m  OK  [0m] Set up automount Arbitrary Executab...ats File System Automount Point.
[   13.709112] systemd[1]: Listening on Syslog Socket.
[[0;32m  OK  [0m] Listening on Syslog Socket.
[   13.777690] systemd[1]: Listening on udev Control Socket.
[[0;32m  OK  [0m] Listening on udev Control Socket.
[   13.781487] systemd[1]: Listening on Device-mapper event daemon FIFOs.
[[0;32m  OK  [0m] Listening on Device-mapper event daemon FIFOs.
[   13.785649] systemd[1]: Listening on LVM2 poll daemon socket.
[[0;32m  OK  [0m] Listening on LVM2 poll daemon socket.
[   13.789442] systemd[1]: Listening on udev Kernel Socket.
[[0;32m  OK  [0m] Listening on udev Kernel Socket.
[   13.793113] systemd[1]: Listening on /dev/initctl Compatibility Named Pipe.
[[0;32m  OK  [0m] Listening on /dev/initctl Compatibility Named Pipe.
[   13.912944] systemd[1]: Listening on Journal Audit Socket.
[[0;32m  OK  [0m] Listening on Journal Audit Socket.
[   13.977463] systemd[1]: Reached target Encrypted Volumes.
[[0;32m  OK  [0m] Reached target Encrypted Volumes.
[   13.981265] systemd[1]: Listening on Journal Socket.
[[0;32m  OK  [0m] Listening on Journal Socket.
[   14.106595] systemd[1]: Created slice System Slice.
[[0;32m  OK  [0m] Created slice System Slice.
[   14.130705] systemd[1]: Starting Create list of required static device nodes for the current kernel...
         Starting Create list of required st... nodes for the current kernel...
[   14.143341] systemd[1]: Starting Nameserver information manager...
         Starting Nameserver information manager...
[   14.161711] systemd[1]: Mounting Debug File System...
         Mounting Debug File System...
[   14.202622] systemd[1]: Starting Set console keymap...
         Starting Set console keymap...
[   14.215438] systemd[1]: Created slice system-serial\x2dgetty.slice.
[[0;32m  OK  [0m] Created slice system-serial\x2dgetty.slice.
[   14.255384] systemd[1]: Created slice User and Session Slice.
[[0;32m  OK  [0m] Created slice User and Session Slice.
[   14.297589] systemd[1]: Reached target Slices.
[[0;32m  OK  [0m] Reached target Slices.
[   14.308550] systemd[1]: Started Forward Password Requests to Wall Directory Watch.
[[0;32m  OK  [0m] Started Forward Password Requests to Wall Directory Watch.
[   14.320594] systemd[1]: Listening on LVM2 metadata daemon socket.
[[0;32m  OK  [0m] Listening on LVM2 metadata daemon socket.
[   14.354715] systemd[1]: Starting Monitoring of LVM2 mirrors, snapshots etc. using dmeventd or progress polling...
         Starting Monitoring of LVM2 mirrors... dmeventd or progress polling...
[   14.378665] systemd[1]: Mounting Huge Pages File System...
         Mounting Huge Pages File System...
[   14.391968] systemd[1]: Starting Uncomplicated firewall...
         Starting Uncomplicated firewall...
[   14.454661] systemd[1]: Starting Remount Root and Kernel File Systems...
         Starting Remount Root and Kernel File Systems...
[   14.509864] systemd[1]: Mounting POSIX Message Queue File System...
         Mounting POSIX Message Queue File System...
[   14.533241] systemd[1]: Reached target User and Group Name Lookups.
[[0;32m  OK  [0m] Reached target User and Group Name Lookups.
[   14.546150] systemd[1]: Reached target System Time Synchronized.
[   14.563704] EXT4-fs (sda1): re-mounted. Opts: (null)
[[0;32m  OK  [0m] Reached target System Time Synchronized.
[   14.618051] systemd[1]: Listening on Journal Socket (/dev/log).
[[0;32m  OK  [0m] Listening on Journal Socket (/dev/log).
[   14.657969] systemd[1]: Starting Journal Service...
         Starting Journal Service...
[   14.670294] systemd[1]: Reached target Swap.
[[0;32m  OK  [0m] Reached target Swap.
[   14.724503] systemd[1]: Starting Load Kernel Modules...
         Starting Load Kernel Modules...
[   14.754029] systemd[1]: Started Trigger resolvconf update for networkd DNS.
[[0;32m  OK  [0m] Started Trigger resolvconf update for networkd DNS.
[   14.809676] systemd[1]: Mounted POSIX Message Queue File System.
[[0;32m  OK  [0m] Mounted POSIX Message Queue File System.
[   14.832354] systemd[1]: Mounted Huge Pages File System.
[[0;32m  OK  [0m] Mounted Huge Pages File System.
[   14.841802] systemd[1]: Mounted Debug File System.
[   14.844478] Loading iSCSI transport class v2.0-870.
[[0;32m  OK  [0m] Mounted Debug File System.
[   14.853124] systemd[1]: Started Journal Service.
[[0;32m  OK  [0m] Started Journal Service.
[   14.874872] iscsi: registered transport (tcp)
[[0;32m  OK  [0m] Started Create list of required sta...ce nodes for the current kernel.
[[0;32m  OK  [0m] Started Set console keymap.
[[0;32m  OK  [0m] Started Uncomplicated firewall.
[[0;32m  OK  [0m] Started Remount Root and Kernel File Systems.
[[0;32m  OK  [0m] Started Nameserver information manager.
[   14.993655] iscsi: registered transport (iser)
[[0;32m  OK  [0m] Started Load Kernel Modules.
         Starting Apply Kernel Variables...
         Mounting FUSE Control File System...
[[0;32m  OK  [0m] Started LVM2 metadata daemon.
         Starting Load/Save Random Seed...
         Starting udev Coldplug all Devices...
         Starting Create Static Device Nodes in /dev...
         Starting Flush Journal to Persistent Storage...
[[0;32m  OK  [0m] Mounted FUSE Control File System.
[[0;32m  OK  [0m] Started Apply Kernel Variables.
[[0;32m  OK  [0m] Started Load/Save Random Seed.
[[0;32m  OK  [0m] Started Flush Journal to Persistent Storage.
[[0;32m  OK  [0m] Started Monitoring of LVM2 mirrors,...ng dmeventd or progress polling.
[[0;32m  OK  [0m] Started Create Static Device Nodes in /dev.
         Starting udev Kernel Device Manager...
[[0;32m  OK  [0m] Reached target Local File Systems (Pre).
[[0;32m  OK  [0m] Reached target Local File Systems.
         Starting Create Volatile Files and Directories...
         Starting LSB: AppArmor initialization...
         Starting Set console font and keymap...
         Starting Initial cloud-init job (pre-networking)...
         Starting Commit a transient machine-id on disk...
         Starting Tell Plymouth To Write Out Runtime Data...
[[0;32m  OK  [0m] Started Create Volatile Files and Directories.
[[0;32m  OK  [0m] Started Commit a transient machine-id on disk.
[[0;32m  OK  [0m] Started Tell Plymouth To Write Out Runtime Data.
         Starting Update UTMP about System Boot/Shutdown...
[[0;32m  OK  [0m] Started udev Coldplug all Devices.
[[0;32m  OK  [0m] Started Update UTMP about System Boot/Shutdown.
[[0;32m  OK  [0m] Started udev Kernel Device Manager.
[[0;32m  OK  [0m] Started Dispatch Password Requests to Console Directory Watch.
[[0;32m  OK  [0m] Found device /dev/ttyS0.
[[0;32m  OK  [0m] Listening on Load/Save RF Kill Switch Status /dev/rfkill Watch.
[[0;32m  OK  [0m] Started LSB: AppArmor initialization.
[   19.739424] cloud-init[457]: Cloud-init v. 19.1-1-gbaa47854-0ubuntu1~16.04.1 running 'init-local' at Fri, 23 Aug 2019 15:45:20 +0000. Up 18.07 seconds.
[[0;32m  OK  [0m] Started Set console font and keymap.
[[0;32m  OK  [0m] Created slice system-getty.slice.
[[0;32m  OK  [0m] Started Initial cloud-init job (pre-networking).
[[0;32m  OK  [0m] Reached target Network (Pre).
         Starting Raise network interfaces...
[[0;32m  OK  [0m] Started Raise network interfaces.
[[0;32m  OK  [0m] Reached target Network.
         Starting Initial cloud-init job (metadata service crawler)...
[   26.438117] cloud-init[940]: Cloud-init v. 19.1-1-gbaa47854-0ubuntu1~16.04.1 running 'init' at Fri, 23 Aug 2019 15:45:24 +0000. Up 22.72 seconds.
[   26.444121] cloud-init[940]: ci-info: ++++++++++++++++++++++++++++++++++++++Net device info++++++++++++++++++++++++++++++++++++++
[   26.456877] cloud-init[940]: ci-info: +--------+------+----------------------------+---------------+--------+-------------------+
[   26.462258] cloud-init[940]: ci-info: | Device |  Up  |          Address           |      Mask     | Scope  |     Hw-Address    |
[   26.467700] cloud-init[940]: ci-info: +--------+------+----------------------------+---------------+--------+-------------------+
[   26.472991] cloud-init[940]: ci-info: | enp0s3 | True |         10.0.2.15          | 255.255.255.0 | global | 02:1e:e5:6d:71:21 |
[   26.478444] cloud-init[940]: ci-info: | enp0s3 | True | fe80::1e:e5ff:fe6d:7121/64 |       .       |  link  | 02:1e:e5:6d:71:21 |
[   26.486106] cloud-init[940]: ci-info: |   lo   | True |         127.0.0.1          |   255.0.0.0   |  host  |         .         |
[   26.491475] cloud-init[940]: ci-info: |   lo   | True |          ::1/128           |       .       |  host  |         .         |
[   26.512801] cloud-init[940]: ci-info: +--------+------+----------------------------+---------------+--------+-------------------+
[   26.538318] cloud-init[940]: ci-info: +++++++++++++++++++++++++++Route IPv4 info++++++++++++++++++++++++++++
[   26.548119] cloud-init[940]: ci-info: +-------+-------------+----------+---------------+-----------+-------+
[   26.552951] cloud-init[940]: ci-info: | Route | Destination | Gateway  |    Genmask    | Interface | Flags |
[   26.558086] cloud-init[940]: ci-info: +-------+-------------+----------+---------------+-----------+-------+
[   26.563148] cloud-init[940]: ci-info: |   0   |   0.0.0.0   | 10.0.2.2 |    0.0.0.0    |   enp0s3  |   UG  |
[   26.568427] cloud-init[940]: ci-info: |   1   |   10.0.2.0  | 0.0.0.0  | 255.255.255.0 |   enp0s3  |   U   |
[   26.572967] cloud-init[940]: ci-info: +-------+-------------+----------+---------------+-----------+-------+
[   26.577932] cloud-init[940]: ci-info: +++++++++++++++++++Route IPv6 info+++++++++++++++++++
[   26.582342] cloud-init[940]: ci-info: +-------+-------------+---------+-----------+-------+
[   26.586556] cloud-init[940]: ci-info: | Route | Destination | Gateway | Interface | Flags |
[   26.590857] cloud-init[940]: ci-info: +-------+-------------+---------+-----------+-------+
[   26.595500] cloud-init[940]: ci-info: |   0   |  fe80::/64  |    ::   |   enp0s3  |   U   |
[   26.601866] cloud-init[940]: ci-info: |   4   |   ff00::/8  |    ::   |   enp0s3  |   U   |
[   26.606163] cloud-init[940]: ci-info: +-------+-------------+---------+-----------+-------+
[   26.611417] cloud-init[940]: Generating public/private rsa key pair.
[   26.618766] cloud-init[940]: Your identification has been saved in /etc/ssh/ssh_host_rsa_key.
[   26.623813] cloud-init[940]: Your public key has been saved in /etc/ssh/ssh_host_rsa_key.pub.
[   26.629456] cloud-init[940]: The key fingerprint is:
[   26.643906] cloud-init[940]: SHA256:fqWh6qmQGATVjHxYMTfg6rlx9XHxpVe0iUtTGHcZoYs root@ubuntu-xenial
[   26.648403] cloud-init[940]: The key's randomart image is:
[   26.657268] cloud-init[940]: +---[RSA 2048]----+
[   26.660401] cloud-init[940]: |.o.*=oo      .o=*|
[   26.667715] cloud-init[940]: |. +.+o .     .=o+|
[   26.670833] cloud-init[940]: | . ..     .  =.o.|
[   26.678935] cloud-init[940]: |.  .       ooo+. |
[   26.684703] cloud-init[940]: |. .   . S oE+o.  |
[   26.698039] cloud-init[940]: | + o . o + + .   |
[   26.712655] cloud-init[940]: |. * .   + o      |
[   26.725411] cloud-init[940]: |   =   o .       |
[   26.737686] cloud-init[940]: |  . .o+          |
[   26.752151] cloud-init[940]: +----[SHA256]-----+
[   26.757891] cloud-init[940]: Generating public/private dsa key pair.
[   26.760472] cloud-init[940]: Your identification has been saved in /etc/ssh/ssh_host_dsa_key.
[   26.763342] cloud-init[940]: Your public key has been saved in /etc/ssh/ssh_host_dsa_key.pub.
[[0;32m  OK  [0m] Started Initial cloud-init job (metadata service crawler).
[   26.849640] cloud-init[940]: The key fingerprint is:
[   26.869496] [cloud-init[0;32m  OK  [0m[940]: ] SHA256:SbJl5w1/lH1/Zdj5B0G9o5Ef+lUI1KYJBGbSgfxEt54 root@ubuntu-xenialReached target Cloud-config availability.

[[0;32m  OK  [0m] Reached target Network is Online.
[   26.870080] cloud-init[940]: The key's randomart image is:
[   27.056964]          cloud-initStarting iSCSI initiator daemon (iscsid)...[940]: 
+---[DSA 1024]----+
[   27.125308] [cloud-init[0;32m  OK  [0m[940]: ] |     ..+*+o..oo. |Reached target System Initialization.

[   27.171447] cloud-init[940]: |      o+o.... o*o|
[   27.187834] cloud-init[940]: |      .o+ +. =*oB|
[   27.197433] [cloud-init[0;32m  OK  [0m[940]: ] |       *.= =o+.**|Started ACPI Events Check.

[[0;32m  OK  [0m] Reached target Paths.
[[0;32m  OK  [0m] Started Daily Cleanup of Temporary Directories.
         Starting Socket activation for snappy daemon.
[   27.198084] cloud-init[940]: |      . S E o * O|
[   27.333265] cloud-init[940]: |             + .+|
[   27.335478] cloud-init[940]: |              . .|
[   27.340061] cloud-init[940]: |               . |
[   27.342546] cloud-init[940]: |                 |
[[0;32m  OK  [0m] Listening on D-Bus System Message Bus Socket.
[   27.354853] cloud-init[940]: +----[SHA256]-----+
[   27.357058] cloud-init[940]: Generating public/private ecdsa key pair.
[   27.359791] cloud-init[940]: Your identification has been saved in /etc/ssh/ssh_host_ecdsa_key.
[   27.366967] cloud-init[940]: Your public key has been saved in /etc/ssh/ssh_host_ecdsa_key.pub.
[   27.375829] cloud-init[940]: The key fingerprint is:
[   27.378115] cloud-init[940]: SHA256:O8YUGorkWokbImoXNT/nl330ZhxVhn5I/aM8gkoILDM root@ubuntu-xenial
[   27.381575] cloud-init[940]: The key's randomart image is:
[   27.385031] cloud-init[940]: [[0;32m  OK  [0m] Listening on ACPID Listen Socket.
+---[ECDSA 256]---+
[   27.397073] cloud-init[940]: |               oo|
[   27.399343] cloud-init[940]: |              o.o|
[   27.401663] cloud-init[940]: |  o  o. .    o .o|
[   27.406269] cloud-init[940]: | E =..oo .    o.+|
[   27.415260] cloud-init[940]: |= O.o ooS.. . .+.|
[   27.417481] cloud-init[940]: |+=  .. ++o .o+..o|
[   27.419677] cloud-init[940]: |+. .  . *. o....=|
[   27.422269] cloud-init[940]: |. .    o ..   .o |
[   27.425192] [[0;32m  OK  [0m] Started Daily apt download activities.
cloud-init[940]: |                 |
[   27.434157] cloud-init[940]: +----[SHA256]-----+
[   27.438753] cloud-init[940]: Generating public/private ed25519 key pair.
[   27.442438] cloud-init[940]: [[0;32m  OK  [0m] Started Daily apt upgrade and clean activities.
Your identification has been saved in /etc/ssh/ssh_host_ed25519_key.
[   27.456911] cloud-init[940]: Your public key has been saved in /etc/ssh/ssh_host_ed25519_key.pub.
[   27.460277] cloud-init[940]: The key fingerprint is:
[   27.462622] cloud-init[940]: SHA256:DZM/jKRtkjP4hWKE+/U0w6KEiEbXZ/cMlaMs2e66Qtg root@ubuntu-xenial
[   27.467845] cloud-init[940]: [[0;32m  OK  [0m] Reached target Timers.
The key's randomart image is:
[   27.476810] cloud-init[940]: +--[ED25519 256]--+
[   27.484590] cloud-init[940]: |           ..    |
[[0;32m  OK  [0m] Listening on UUID daemon activation socket.
[   27.487255] cloud-init[940]: |   ..    ..o     |
[   27.511182]          cloud-initStarting LXD - unix socket.[940]: 
| ..... oOo. .    |
[   27.521252] cloud-init[940]: |o..+ .oX.@+      |
[[0;32m  OK  [0m[   27.709263] cloud-init[940]: |o.o B X S =o     |
] Listening on Socket activation for snappy daemon.
[[0;32m  OK  [0m] [   27.720538] cloud-init[940]: |.  = E X + .     |Listening on LXD - unix socket.
[[0;32m  OK  [0m
[   27.729473] cloud-init[940]: |    + . o        |
[   27.741600] cloud-init[940]: |     .   .       |
[   27.744804] cloud-init[940]: |      .oo        |
[   27.745064] cloud-init[940]: +----[SHA256]-----+
] Started iSCSI initiator daemon (iscsid).
         Starting Login to default iSCSI targets...
[[0;32m  OK  [0m] Reached target Sockets.
[[0;32m  OK  [0m] Reached target Basic System.
         Starting LSB: Record successful boot for GRUB...
[[0;32m  OK  [0m] Started FUSE filesystem for LXC.
         Starting Pollinate to seed the pseudo random number generator...
[[0;32m  OK  [0m] Started ACPI event daemon.
[[0;32m  OK  [0m] Started Deferred execution scheduler.
         Starting Login Service...
         Starting LXD - container startup/shutdown...
         Starting System Logging Service...
         Starting Accounts Service...
[[0;32m  OK  [0m] Started D-Bus System Message Bus.
         Starting /etc/rc.local Compatibility...
[[0;32m  OK  [0m] Started Regular background program processing daemon.
         Starting Virtualbox guest utils...
         Starting LSB: MD monitoring daemon...
         Starting Snappy daemon...
[[0;32m  OK  [0m] Started System Logging Service.
[[0;32m  OK  [0m] Started /etc/rc.local Compatibility.
[[0;32m  OK  [0m] Started Login to default iSCSI targets.
[[0;32m  OK  [0m] Started LSB: Record successful boot for GRUB.
[[0;32m  OK  [0m] Started Login Service.
[[0;32m  OK  [0m] Started Unattended Upgrades Shutdown.
         Starting Authenticate and Authorize Users to Run Privileged Tasks...
[[0;32m  OK  [0m] Reached target Remote File Systems (Pre).
[[0;32m  OK  [0m] Reached target Remote File Systems.
         Starting LSB: daemon to balance interrupts for SMP systems...
         Starting LSB: automatic crash report generation...
         Starting LSB: Set the CPU Frequency Scaling governor to "ondemand"...
         Starting Permit User Sessions...
[[0;32m  OK  [0m] Started Permit User Sessions.
         Starting Terminate Plymouth Boot Screen...
         Starting Hold until boot process finishes up...
[[0;32m  OK  [0m] Started LSB: MD monitoring daemon.
[[0;32m  OK  [0m] Started Terminate Plymouth Boot Screen.
[[0;32m  OK  [0m] Started LXD - container startup/shutdown.
[[0;32m  OK  [0m] Started Hold until boot process finishes up.
         Starting Set console scheme...
[[0;32m  OK  [0m] Started Getty on tty1.
[[0;32m  OK  [0m] Started Serial Getty on ttyS0.
[[0;32m  OK  [0m] Reached target Login Prompts.
[[0;32m  OK  [0m] Started Set console scheme.
[[0;32m  OK  [0m] Started Authenticate and Authorize Users to Run Privileged Tasks.
[[0;32m  OK  [0m] Started Accounts Service.
[[0;32m  OK  [0m] Started LSB: Set the CPU Frequency Scaling governor to "ondemand".
[[0;32m  OK  [0m] Started LSB: daemon to balance interrupts for SMP systems.
[[0;32m  OK  [0m] Started LSB: automatic crash report generation.
[[0;32m  OK  [0m] Started Pollinate to seed the pseudo random number generator.
         Starting OpenBSD Secure Shell server...
[[0;32m  OK  [0m] Started Virtualbox guest utils.
[[0;32m  OK  [0m] Started OpenBSD Secure Shell server.
[[0;32m  OK  [0m] Started Snappy daemon.
         Starting Wait until snapd is fully seeded...
[[0;32m  OK  [0m] Created slice User Slice of vagrant.
         Starting User Manager for UID 1000...
[[0;32m  OK  [0m] Started Session 1 of user vagrant.
[[0;32m  OK  [0m] Started User Manager for UID 1000.

Ubuntu 16.04.6 LTS ubuntu-xenial ttyS0

ubuntu-xenial login: [   38.834556] cloud-init[1389]: Generating locales (this might take a while)...
[   41.866686] cloud-init[1389]:   en_US.UTF-8... done
[   41.870330] cloud-init[1389]: Generation complete.
[   44.114441] cloud-init[1389]: Cloud-init v. 19.1-1-gbaa47854-0ubuntu1~16.04.1 running 'modules:config' at Fri, 23 Aug 2019 15:45:40 +0000. Up 38.11 seconds.
ci-info: no authorized ssh keys fingerprints found for user ubuntu.
<14>Aug 23 15:45:47 ec2: 
<14>Aug 23 15:45:47 ec2: #############################################################
<14>Aug 23 15:45:47 ec2: -----BEGIN SSH HOST KEY FINGERPRINTS-----
<14>Aug 23 15:45:47 ec2: 1024 SHA256:SbJl5w1/lH1/Zdj5B0G9o5Ef+lUI1KYJBGbSgfxEt54 root@ubuntu-xenial (DSA)
<14>Aug 23 15:45:47 ec2: 256 SHA256:O8YUGorkWokbImoXNT/nl330ZhxVhn5I/aM8gkoILDM root@ubuntu-xenial (ECDSA)
<14>Aug 23 15:45:47 ec2: 256 SHA256:DZM/jKRtkjP4hWKE+/U0w6KEiEbXZ/cMlaMs2e66Qtg root@ubuntu-xenial (ED25519)
<14>Aug 23 15:45:47 ec2: 2048 SHA256:fqWh6qmQGATVjHxYMTfg6rlx9XHxpVe0iUtTGHcZoYs root@ubuntu-xenial (RSA)
<14>Aug 23 15:45:47 ec2: -----END SSH HOST KEY FINGERPRINTS-----
<14>Aug 23 15:45:47 ec2: #############################################################
-----BEGIN SSH HOST KEY KEYS-----
ecdsa-sha2-nistp256 AAAAE2VjZHNhLXNoYTItbmlzdHAyNTYAAAAIbmlzdHAyNTYAAABBBOsz2X7D8mn0954K9lEBkluI62GykaxfefN2is7fUF/+af01xylpjyyvWbAe0yVj0P2hkSzTtlUcHhC6lcoSd/Q= root@ubuntu-xenial
ssh-ed25519 AAAAC3NzaC1lZDI1NTE5AAAAILRNzidtASh2aQ6jTHP4ucwZxPdrI1mRDJhnZqkPw+Oc root@ubuntu-xenial
ssh-rsa AAAAB3NzaC1yc2EAAAADAQABAAABAQCxagOO3KOU1Bx4xZhp6OMjHaedYsRvAc8q75NeE0jjyw57lKTDf0tF2JNDKwrgVIscjPY2u+4nqpgvV8Z5lbYwR5Cx5PbHhdiBA7f8OttEdMsHSFRkrrHoL9zP9z9fz5PBaoSQ3mTUslUWaRE43Flg/h4fRStK44OmjoCeR0hRmTPMp6WcJEOQwCwrnE8EQBJOshiuyBLb8DxJASwQhQcDX4hbmPNVvisGJIDh/DP4H5iY6ssXy0a4TZew9SsjZoThAqTHfCjoRrJ6piufrwy1IlSylVyKO9yNnVX6z9DcyHm6p/4I/NSgyhyNY0b0ZNAeYwoFKsvbOV5v01Q51vTp root@ubuntu-xenial
-----END SSH HOST KEY KEYS-----
[   45.759194] cloud-init[1574]: Cloud-init v. 19.1-1-gbaa47854-0ubuntu1~16.04.1 running 'modules:final' at Fri, 23 Aug 2019 15:45:47 +0000. Up 45.14 seconds.
[   45.769693] cloud-init[1574]: ci-info: no authorized ssh keys fingerprints found for user ubuntu.
[   45.772333] cloud-init[1574]: Cloud-init v. 19.1-1-gbaa47854-0ubuntu1~16.04.1 finished at Fri, 23 Aug 2019 15:45:47 +0000. Datasource DataSourceNoCloud [seed=/dev/sdb][dsmode=net].  Up 45.72 seconds
